   Γû▓ Next.js 15.1.11

   Creating an optimized production build ...
 Γ£ô Compiled successfully
   Linting and checking validity of types ...
   Collecting page data ...
node : Error: DATABASE_URL environment variable is 
not set
At line:1 char:1
+ node node_modules/next/dist/bin/next build > 
build_output.txt 2>&1
+ ~~~~~~~~~~~~~~~~~~~~~~~~~~~~~~~~~~~~~~~~~~~~~~~~~~~~
~~~~~~~~~~~~~~
    + CategoryInfo          : NotSpecified: (Error: D 
   ATABASE...able is not set:String) [], RemoteExcep  
  tion
    + FullyQualifiedErrorId : NativeCommandError
 
    at 7011 (E:\Coding\Assessment\Web\prime-access-tas
k-manager\.next\server\app\api\v1\auth\login\route.js:
1:2319)
    at t (E:\Coding\Assessment\Web\prime-access-task-m
anager\.next\server\webpack-runtime.js:1:127)
    at 5814 (E:\Coding\Assessment\Web\prime-access-tas
k-manager\.next\server\app\api\v1\auth\login\route.js:
1:2501)
    at t (E:\Coding\Assessment\Web\prime-access-task-m
anager\.next\server\webpack-runtime.js:1:127)
    at 8215 (E:\Coding\Assessment\Web\prime-access-tas
k-manager\.next\server\app\api\v1\auth\login\route.js:
1:1009)
    at t (E:\Coding\Assessment\Web\prime-access-task-m
anager\.next\server\webpack-runtime.js:1:127)
    at r (E:\Coding\Assessment\Web\prime-access-task-m
anager\.next\server\app\api\v1\auth\login\route.js:25:
1311)
    at <unknown> (E:\Coding\Assessment\Web\prime-acces
s-task-manager\.next\server\app\api\v1\auth\login\rout
e.js:25:1355)
    at t.X (E:\Coding\Assessment\Web\prime-access-task
-manager\.next\server\webpack-runtime.js:1:1191)
    at <unknown> (E:\Coding\Assessment\Web\prime-acces
s-task-manager\.next\server\app\api\v1\auth\login\rout
e.js:25:1324)

> Build error occurred
[Error: Failed to collect page data for 
/api/v1/auth/login] {
  type: 'Error'
}
